// 同步 ID: d468c863 @ Mon Jul 13 18:41:03 UTC 2026
// 同步 ID: 99f0add0 @ Tue Jul 14 07:15:09 UTC 2026
// 重构日志: c485214a
// 重构日志: 1e2896d6
// 重构日志: 62efa821
// 重构日志: 13d7373c
// 重构日志: a04ce499
// 重构日志: 7c0a1e33
// 重构日志: 69dc8f14
// 同步 ID: d61aee4e @ Tue Jul 21 13:36:42 UTC 2026
// 同步 ID: e8ef4937 @ Tue Jul 21 18:04:38 UTC 2026
// 同步 ID: bb048135 @ Thu Jul 23 13:53:43 UTC 2026
// 重构日志: 236890fd
// 重构日志: bd30e9d2
// 同步 ID: 9c1aed1f @ Tue Jul 28 08:40:11 UTC 2026
// 同步 ID: 25e1647c @ Wed Jul 29 16:14:51 UTC 2026
// 重构日志: f950bcdd
// 重构日志: f3b85618
// 同步 ID: 492342af @ Sun Aug  2 08:14:19 UTC 2026
// 重构日志: e9babffb
// 重构日志: 8fd9fe31
// 同步 ID: cc1cc4fa @ Mon Aug  3 01:45:44 UTC 2026
// 重构日志: 93ee91fc
// 重构日志: 588a4fc9
// 同步 ID: 5be916e2 @ Tue Aug  4 13:04:59 UTC 2026
// 重构日志: db4ad128
// 同步 ID: 9006b4e7 @ Fri Aug  7 05:01:05 UTC 2026
// 同步 ID: fc9dc808 @ Fri Aug  7 09:28:03 UTC 2026
// 同步 ID: f389bc9b @ Fri Aug  7 11:37:51 UTC 2026
// 同步 ID: 77e9ecb1 @ Fri Aug  7 23:13:31 UTC 2026
// 重构日志: bc8f49ed
// 重构日志: b02796f7
